{
  "version": "1.5.0",
  "plugins_used": [
    {
      "name": "ArtifactoryDetector"
    },
    {
      "name": "AWSKeyDetector"
    },
    {
      "name": "AzureStorageKeyDetector"
    },
    {
      "name": "Base64HighEntropyString",
      "limit": 4.5
    },
    {
      "name": "BasicAuthDetector"
    },
    {
      "name": "CloudantDetector"
    },
    {
      "name": "DiscordBotTokenDetector"
    },
    {
      "name": "GitHubTokenDetector"
    },
    {
      "name": "GitLabTokenDetector"
    },
    {
      "name": "HexHighEntropyString",
      "limit": 3.0
    },
    {
      "name": "IbmCloudIamDetector"
    },
    {
      "name": "IbmCosHmacDetector"
    },
    {
      "name": "IPPublicDetector"
    },
    {
      "name": "JwtTokenDetector"
    },
    {
      "name": "KeywordDetector",
      "keyword_exclude": ""
    },
    {
      "name": "MailchimpDetector"
    },
    {
      "name": "NpmDetector"
    },
    {
      "name": "OpenAIDetector"
    },
    {
      "name": "PrivateKeyDetector"
    },
    {
      "name": "PypiTokenDetector"
    },
    {
      "name": "SendGridDetector"
    },
    {
      "name": "SlackDetector"
    },
    {
      "name": "SoftlayerDetector"
    },
    {
      "name": "SquareOAuthDetector"
    },
    {
      "name": "StripeDetector"
    },
    {
      "name": "TelegramBotTokenDetector"
    },
    {
      "name": "TwilioKeyDetector"
    }
  ],
  "filters_used": [
    {
      "path": "detect_secrets.filters.allowlist.is_line_allowlisted"
    },
    {
      "path": "detect_secrets.filters.common.is_baseline_file",
      "filename": "E:\\VoiceStudio\\.secrets.baseline"
    },
    {
      "path": "detect_secrets.filters.common.is_ignored_due_to_verification_policies",
      "min_level": 2
    },
    {
      "path": "detect_secrets.filters.heuristic.is_indirect_reference"
    },
    {
      "path": "detect_secrets.filters.heuristic.is_likely_id_string"
    },
    {
      "path": "detect_secrets.filters.heuristic.is_lock_file"
    },
    {
      "path": "detect_secrets.filters.heuristic.is_not_alphanumeric_string"
    },
    {
      "path": "detect_secrets.filters.heuristic.is_potential_uuid"
    },
    {
      "path": "detect_secrets.filters.heuristic.is_prefixed_with_dollar_sign"
    },
    {
      "path": "detect_secrets.filters.heuristic.is_sequential_string"
    },
    {
      "path": "detect_secrets.filters.heuristic.is_swagger_file"
    },
    {
      "path": "detect_secrets.filters.heuristic.is_templated_secret"
    },
    {
      "path": "detect_secrets.filters.regex.should_exclude_file",
      "pattern": [
        ".venv|venv|runtime/external|node_modules"
      ]
    }
  ],
  "results": {
    ".continue\\agents\\new-config-1.yaml": [
      {
        "type": "Secret Keyword",
        "filename": ".continue\\agents\\new-config-1.yaml",
        "hashed_secret": "b2efdd99aaaba3836acdf6bb963f8890d553e4b4",
        "is_verified": false,
        "line_number": 14
      }
    ],
    ".continue\\agents\\new-config.yaml": [
      {
        "type": "Secret Keyword",
        "filename": ".continue\\agents\\new-config.yaml",
        "hashed_secret": "b2efdd99aaaba3836acdf6bb963f8890d553e4b4",
        "is_verified": false,
        "line_number": 14
      }
    ],
    ".github\\workflows\\test.yml": [
      {
        "type": "Base64 High Entropy String",
        "filename": ".github\\workflows\\test.yml",
        "hashed_secret": "d2646579ac0bf87db293b367924f5a2b1280c631",
        "is_verified": false,
        "line_number": 392
      }
    ],
    ".secrets.baseline": [
      {
        "type": "Hex High Entropy String",
        "filename": ".secrets.baseline",
        "hashed_secret": "908d7c31901386114aa594fdb66dda653b6acce7",
        "is_verified": false,
        "line_number": 140
      },
      {
        "type": "Secret Keyword",
        "filename": ".secrets.baseline",
        "hashed_secret": "908d7c31901386114aa594fdb66dda653b6acce7",
        "is_verified": false,
        "line_number": 140
      },
      {
        "type": "Hex High Entropy String",
        "filename": ".secrets.baseline",
        "hashed_secret": "2e02bb32e8dc0896a72b597addfe5988d97fe0a4",
        "is_verified": false,
        "line_number": 158
      },
      {
        "type": "Secret Keyword",
        "filename": ".secrets.baseline",
        "hashed_secret": "2e02bb32e8dc0896a72b597addfe5988d97fe0a4",
        "is_verified": false,
        "line_number": 158
      },
      {
        "type": "Hex High Entropy String",
        "filename": ".secrets.baseline",
        "hashed_secret": "fdb7e3ec7d829c098c7ec6b87de744612efd22f6",
        "is_verified": false,
        "line_number": 167
      },
      {
        "type": "Secret Keyword",
        "filename": ".secrets.baseline",
        "hashed_secret": "fdb7e3ec7d829c098c7ec6b87de744612efd22f6",
        "is_verified": false,
        "line_number": 167
      },
      {
        "type": "Hex High Entropy String",
        "filename": ".secrets.baseline",
        "hashed_secret": "44fb258935b530ff261f0913cf84eb745512126b",
        "is_verified": false,
        "line_number": 176
      },
      {
        "type": "Secret Keyword",
        "filename": ".secrets.baseline",
        "hashed_secret": "44fb258935b530ff261f0913cf84eb745512126b",
        "is_verified": false,
        "line_number": 176
      },
      {
        "type": "Hex High Entropy String",
        "filename": ".secrets.baseline",
        "hashed_secret": "a0245adb9134205dc9267e5084f99f41895a92f8",
        "is_verified": false,
        "line_number": 185
      },
      {
        "type": "Secret Keyword",
        "filename": ".secrets.baseline",
        "hashed_secret": "a0245adb9134205dc9267e5084f99f41895a92f8",
        "is_verified": false,
        "line_number": 185
      },
      {
        "type": "Hex High Entropy String",
        "filename": ".secrets.baseline",
        "hashed_secret": "b77890a6d0a053865580cdd1e7690b1c778b3a75",
        "is_verified": false,
        "line_number": 192
      },
      {
        "type": "Secret Keyword",
        "filename": ".secrets.baseline",
        "hashed_secret": "b77890a6d0a053865580cdd1e7690b1c778b3a75",
        "is_verified": false,
        "line_number": 192
      },
      {
        "type": "Hex High Entropy String",
        "filename": ".secrets.baseline",
        "hashed_secret": "686ba327f1c72d5e3e0826a3fdb7182bf86aab78",
        "is_verified": false,
        "line_number": 201
      },
      {
        "type": "Secret Keyword",
        "filename": ".secrets.baseline",
        "hashed_secret": "686ba327f1c72d5e3e0826a3fdb7182bf86aab78",
        "is_verified": false,
        "line_number": 201
      },
      {
        "type": "Hex High Entropy String",
        "filename": ".secrets.baseline",
        "hashed_secret": "db13bbdb870d2684858ca044b0e9ddfc787382e5",
        "is_verified": false,
        "line_number": 210
      },
      {
        "type": "Secret Keyword",
        "filename": ".secrets.baseline",
        "hashed_secret": "db13bbdb870d2684858ca044b0e9ddfc787382e5",
        "is_verified": false,
        "line_number": 210
      },
      {
        "type": "Hex High Entropy String",
        "filename": ".secrets.baseline",
        "hashed_secret": "605ea4ba9fedde1fa5ee9ba499d72eb100378d28",
        "is_verified": false,
        "line_number": 217
      },
      {
        "type": "Secret Keyword",
        "filename": ".secrets.baseline",
        "hashed_secret": "605ea4ba9fedde1fa5ee9ba499d72eb100378d28",
        "is_verified": false,
        "line_number": 217
      },
      {
        "type": "Hex High Entropy String",
        "filename": ".secrets.baseline",
        "hashed_secret": "7d665cb31292ec6a11c7e04d5fc6a165ef1b3156",
        "is_verified": false,
        "line_number": 224
      },
      {
        "type": "Secret Keyword",
        "filename": ".secrets.baseline",
        "hashed_secret": "7d665cb31292ec6a11c7e04d5fc6a165ef1b3156",
        "is_verified": false,
        "line_number": 224
      },
      {
        "type": "Hex High Entropy String",
        "filename": ".secrets.baseline",
        "hashed_secret": "6d632f6c63ca6dcae9f9fd21bf6a5251029217a4",
        "is_verified": false,
        "line_number": 231
      },
      {
        "type": "Secret Keyword",
        "filename": ".secrets.baseline",
        "hashed_secret": "6d632f6c63ca6dcae9f9fd21bf6a5251029217a4",
        "is_verified": false,
        "line_number": 231
      },
      {
        "type": "Hex High Entropy String",
        "filename": ".secrets.baseline",
        "hashed_secret": "0db6c3f39a1cf73bfad04a0ac32fa3435b7016f5",
        "is_verified": false,
        "line_number": 238
      },
      {
        "type": "Secret Keyword",
        "filename": ".secrets.baseline",
        "hashed_secret": "0db6c3f39a1cf73bfad04a0ac32fa3435b7016f5",
        "is_verified": false,
        "line_number": 238
      },
      {
        "type": "Hex High Entropy String",
        "filename": ".secrets.baseline",
        "hashed_secret": "e480f93bd10ef1a7eb24164fabda6b25a327506d",
        "is_verified": false,
        "line_number": 247
      },
      {
        "type": "Secret Keyword",
        "filename": ".secrets.baseline",
        "hashed_secret": "e480f93bd10ef1a7eb24164fabda6b25a327506d",
        "is_verified": false,
        "line_number": 247
      },
      {
        "type": "Hex High Entropy String",
        "filename": ".secrets.baseline",
        "hashed_secret": "5412980dbe688b98608211cdf952c8cda73c318c",
        "is_verified": false,
        "line_number": 254
      },
      {
        "type": "Secret Keyword",
        "filename": ".secrets.baseline",
        "hashed_secret": "5412980dbe688b98608211cdf952c8cda73c318c",
        "is_verified": false,
        "line_number": 254
      },
      {
        "type": "Hex High Entropy String",
        "filename": ".secrets.baseline",
        "hashed_secret": "ff682d78e40ddd85188997150d29f1c71383da27",
        "is_verified": false,
        "line_number": 263
      },
      {
        "type": "Secret Keyword",
        "filename": ".secrets.baseline",
        "hashed_secret": "ff682d78e40ddd85188997150d29f1c71383da27",
        "is_verified": false,
        "line_number": 263
      },
      {
        "type": "Hex High Entropy String",
        "filename": ".secrets.baseline",
        "hashed_secret": "f48fbce01e33afa5824ab73fc031ad9965d81957",
        "is_verified": false,
        "line_number": 272
      },
      {
        "type": "Secret Keyword",
        "filename": ".secrets.baseline",
        "hashed_secret": "f48fbce01e33afa5824ab73fc031ad9965d81957",
        "is_verified": false,
        "line_number": 272
      },
      {
        "type": "Hex High Entropy String",
        "filename": ".secrets.baseline",
        "hashed_secret": "33e3f65fdd24736edad3b78bfb75fe847e47a364",
        "is_verified": false,
        "line_number": 279
      },
      {
        "type": "Secret Keyword",
        "filename": ".secrets.baseline",
        "hashed_secret": "33e3f65fdd24736edad3b78bfb75fe847e47a364",
        "is_verified": false,
        "line_number": 279
      },
      {
        "type": "Hex High Entropy String",
        "filename": ".secrets.baseline",
        "hashed_secret": "05124a8df6e8aae73ca9212bbaa79f1de144e15f",
        "is_verified": false,
        "line_number": 288
      },
      {
        "type": "Secret Keyword",
        "filename": ".secrets.baseline",
        "hashed_secret": "05124a8df6e8aae73ca9212bbaa79f1de144e15f",
        "is_verified": false,
        "line_number": 288
      },
      {
        "type": "Hex High Entropy String",
        "filename": ".secrets.baseline",
        "hashed_secret": "2cdad85d5deef0efcbd84a268eda37f1298fcbdf",
        "is_verified": false,
        "line_number": 334
      },
      {
        "type": "Secret Keyword",
        "filename": ".secrets.baseline",
        "hashed_secret": "2cdad85d5deef0efcbd84a268eda37f1298fcbdf",
        "is_verified": false,
        "line_number": 334
      },
      {
        "type": "Hex High Entropy String",
        "filename": ".secrets.baseline",
        "hashed_secret": "f3b1b97b861bfc0278388de3b5d2b7b1b93aadb3",
        "is_verified": false,
        "line_number": 350
      },
      {
        "type": "Secret Keyword",
        "filename": ".secrets.baseline",
        "hashed_secret": "f3b1b97b861bfc0278388de3b5d2b7b1b93aadb3",
        "is_verified": false,
        "line_number": 350
      },
      {
        "type": "Hex High Entropy String",
        "filename": ".secrets.baseline",
        "hashed_secret": "4d44f003e06127f410977d062ed39ae9ec9a8a65",
        "is_verified": false,
        "line_number": 357
      },
      {
        "type": "Secret Keyword",
        "filename": ".secrets.baseline",
        "hashed_secret": "4d44f003e06127f410977d062ed39ae9ec9a8a65",
        "is_verified": false,
        "line_number": 357
      },
      {
        "type": "Hex High Entropy String",
        "filename": ".secrets.baseline",
        "hashed_secret": "75f2d324c82d2bfccd880b815ea6c33fa74ca0f4",
        "is_verified": false,
        "line_number": 364
      },
      {
        "type": "Secret Keyword",
        "filename": ".secrets.baseline",
        "hashed_secret": "75f2d324c82d2bfccd880b815ea6c33fa74ca0f4",
        "is_verified": false,
        "line_number": 364
      },
      {
        "type": "Hex High Entropy String",
        "filename": ".secrets.baseline",
        "hashed_secret": "6921e7c69892a51007c4e4f8a691ad41c70fce21",
        "is_verified": false,
        "line_number": 371
      },
      {
        "type": "Secret Keyword",
        "filename": ".secrets.baseline",
        "hashed_secret": "6921e7c69892a51007c4e4f8a691ad41c70fce21",
        "is_verified": false,
        "line_number": 371
      },
      {
        "type": "Hex High Entropy String",
        "filename": ".secrets.baseline",
        "hashed_secret": "dec32ab9242a298e10633fd38dfd0b0613b48337",
        "is_verified": false,
        "line_number": 380
      },
      {
        "type": "Secret Keyword",
        "filename": ".secrets.baseline",
        "hashed_secret": "dec32ab9242a298e10633fd38dfd0b0613b48337",
        "is_verified": false,
        "line_number": 380
      },
      {
        "type": "Hex High Entropy String",
        "filename": ".secrets.baseline",
        "hashed_secret": "0c791447e5fbb035fb93c6f6fba7bf931a2f86f6",
        "is_verified": false,
        "line_number": 394
      },
      {
        "type": "Secret Keyword",
        "filename": ".secrets.baseline",
        "hashed_secret": "0c791447e5fbb035fb93c6f6fba7bf931a2f86f6",
        "is_verified": false,
        "line_number": 394
      },
      {
        "type": "Hex High Entropy String",
        "filename": ".secrets.baseline",
        "hashed_secret": "5041b7a1616de921ef9b3afe81dc34ba7bab948e",
        "is_verified": false,
        "line_number": 415
      },
      {
        "type": "Secret Keyword",
        "filename": ".secrets.baseline",
        "hashed_secret": "5041b7a1616de921ef9b3afe81dc34ba7bab948e",
        "is_verified": false,
        "line_number": 415
      },
      {
        "type": "Hex High Entropy String",
        "filename": ".secrets.baseline",
        "hashed_secret": "c8d68cd5917990cf2f66497e2a9cbd69390566ae",
        "is_verified": false,
        "line_number": 429
      },
      {
        "type": "Secret Keyword",
        "filename": ".secrets.baseline",
        "hashed_secret": "c8d68cd5917990cf2f66497e2a9cbd69390566ae",
        "is_verified": false,
        "line_number": 429
      },
      {
        "type": "Hex High Entropy String",
        "filename": ".secrets.baseline",
        "hashed_secret": "74c81a792673232fa9b0cf838888146cfe1c8891",
        "is_verified": false,
        "line_number": 436
      },
      {
        "type": "Secret Keyword",
        "filename": ".secrets.baseline",
        "hashed_secret": "74c81a792673232fa9b0cf838888146cfe1c8891",
        "is_verified": false,
        "line_number": 436
      },
      {
        "type": "Hex High Entropy String",
        "filename": ".secrets.baseline",
        "hashed_secret": "4d387c8841795ea8c5b8febeb416d5d77ab9b54e",
        "is_verified": false,
        "line_number": 443
      },
      {
        "type": "Secret Keyword",
        "filename": ".secrets.baseline",
        "hashed_secret": "4d387c8841795ea8c5b8febeb416d5d77ab9b54e",
        "is_verified": false,
        "line_number": 443
      },
      {
        "type": "Hex High Entropy String",
        "filename": ".secrets.baseline",
        "hashed_secret": "924631f4fb49ec151d40a33335213c685ed11654",
        "is_verified": false,
        "line_number": 640
      },
      {
        "type": "Secret Keyword",
        "filename": ".secrets.baseline",
        "hashed_secret": "924631f4fb49ec151d40a33335213c685ed11654",
        "is_verified": false,
        "line_number": 640
      },
      {
        "type": "Hex High Entropy String",
        "filename": ".secrets.baseline",
        "hashed_secret": "328e9074f92387fa6e508a3f4cd150ef93e8af6e",
        "is_verified": false,
        "line_number": 649
      },
      {
        "type": "Secret Keyword",
        "filename": ".secrets.baseline",
        "hashed_secret": "328e9074f92387fa6e508a3f4cd150ef93e8af6e",
        "is_verified": false,
        "line_number": 649
      },
      {
        "type": "Hex High Entropy String",
        "filename": ".secrets.baseline",
        "hashed_secret": "3798265a3609ce16331b642e40478eda0da48e54",
        "is_verified": false,
        "line_number": 656
      },
      {
        "type": "Secret Keyword",
        "filename": ".secrets.baseline",
        "hashed_secret": "3798265a3609ce16331b642e40478eda0da48e54",
        "is_verified": false,
        "line_number": 656
      },
      {
        "type": "Hex High Entropy String",
        "filename": ".secrets.baseline",
        "hashed_secret": "35a1eecfe84d9af58220cfff0e54db22cb770aca",
        "is_verified": false,
        "line_number": 665
      },
      {
        "type": "Secret Keyword",
        "filename": ".secrets.baseline",
        "hashed_secret": "35a1eecfe84d9af58220cfff0e54db22cb770aca",
        "is_verified": false,
        "line_number": 665
      },
      {
        "type": "Hex High Entropy String",
        "filename": ".secrets.baseline",
        "hashed_secret": "4283f0e6737e874bbaad4f9b713167f0e308b513",
        "is_verified": false,
        "line_number": 674
      },
      {
        "type": "Secret Keyword",
        "filename": ".secrets.baseline",
        "hashed_secret": "4283f0e6737e874bbaad4f9b713167f0e308b513",
        "is_verified": false,
        "line_number": 674
      },
      {
        "type": "Hex High Entropy String",
        "filename": ".secrets.baseline",
        "hashed_secret": "e9735cfa4d5aa130e61d73ad97d767c5f2eab050",
        "is_verified": false,
        "line_number": 683
      },
      {
        "type": "Secret Keyword",
        "filename": ".secrets.baseline",
        "hashed_secret": "e9735cfa4d5aa130e61d73ad97d767c5f2eab050",
        "is_verified": false,
        "line_number": 683
      },
      {
        "type": "Hex High Entropy String",
        "filename": ".secrets.baseline",
        "hashed_secret": "1810be7d785ad78bdef1da8c99b9a25832151e80",
        "is_verified": false,
        "line_number": 690
      },
      {
        "type": "Secret Keyword",
        "filename": ".secrets.baseline",
        "hashed_secret": "1810be7d785ad78bdef1da8c99b9a25832151e80",
        "is_verified": false,
        "line_number": 690
      },
      {
        "type": "Hex High Entropy String",
        "filename": ".secrets.baseline",
        "hashed_secret": "7a8845de943d5430134907bdb34a227510b46dc3",
        "is_verified": false,
        "line_number": 699
      },
      {
        "type": "Secret Keyword",
        "filename": ".secrets.baseline",
        "hashed_secret": "7a8845de943d5430134907bdb34a227510b46dc3",
        "is_verified": false,
        "line_number": 699
      }
    ],
    "backend\\api\\auth.py": [
      {
        "type": "Secret Keyword",
        "filename": "backend\\api\\auth.py",
        "hashed_secret": "eaeabd5cb19bbb2121edd8112321f3db850060ab",
        "is_verified": false,
        "line_number": 62
      },
      {
        "type": "Secret Keyword",
        "filename": "backend\\api\\auth.py",
        "hashed_secret": "044765f713142fd5c342338b2650183cc07cad1e",
        "is_verified": false,
        "line_number": 69
      }
    ],
    "backend\\api\\middleware\\request_signing.py": [
      {
        "type": "Secret Keyword",
        "filename": "backend\\api\\middleware\\request_signing.py",
        "hashed_secret": "965957b51cb4983956f38305fb56ce70ee4d94b1",
        "is_verified": false,
        "line_number": 40
      }
    ],
    "backend\\security\\auth_audit.py": [
      {
        "type": "Secret Keyword",
        "filename": "backend\\security\\auth_audit.py",
        "hashed_secret": "94732424e16be827cd46aa294394ab3ce93b55f4",
        "is_verified": false,
        "line_number": 33
      },
      {
        "type": "Secret Keyword",
        "filename": "backend\\security\\auth_audit.py",
        "hashed_secret": "beda0c3294fb7f36ae04bc48c74ddd8c5a97b7e5",
        "is_verified": false,
        "line_number": 34
      }
    ],
    "backend\\security\\pii_detector.py": [
      {
        "type": "Secret Keyword",
        "filename": "backend\\security\\pii_detector.py",
        "hashed_secret": "665b1e3851eefefa3fb878654292f16597d25155",
        "is_verified": false,
        "line_number": 33
      }
    ],
    "backend\\security\\secrets_vault.py": [
      {
        "type": "Secret Keyword",
        "filename": "backend\\security\\secrets_vault.py",
        "hashed_secret": "440a146cc686efdd5c5bd360689095da472a5d5e",
        "is_verified": false,
        "line_number": 319
      },
      {
        "type": "Secret Keyword",
        "filename": "backend\\security\\secrets_vault.py",
        "hashed_secret": "283a5ad422a3d755d799c796ba280904e277061c",
        "is_verified": false,
        "line_number": 323
      },
      {
        "type": "Secret Keyword",
        "filename": "backend\\security\\secrets_vault.py",
        "hashed_secret": "f1aeeedf9d6bd4e5c973310408cfd10156a96b25",
        "is_verified": false,
        "line_number": 324
      },
      {
        "type": "Secret Keyword",
        "filename": "backend\\security\\secrets_vault.py",
        "hashed_secret": "4601cbf5e882520cdb17feb43478634d15c2c6bd",
        "is_verified": false,
        "line_number": 331
      },
      {
        "type": "Secret Keyword",
        "filename": "backend\\security\\secrets_vault.py",
        "hashed_secret": "da546e7a90542b2b914df245e512892c067fe518",
        "is_verified": false,
        "line_number": 332
      }
    ],
    "buildconfig.lock.json": [
      {
        "type": "Hex High Entropy String",
        "filename": "buildconfig.lock.json",
        "hashed_secret": "bf2631283e1377214b337799bb39ef1d8e83008d",
        "is_verified": false,
        "line_number": 6
      },
      {
        "type": "Hex High Entropy String",
        "filename": "buildconfig.lock.json",
        "hashed_secret": "e92b609228ce1ef99d82e0cb3ba460b27a4a5135",
        "is_verified": false,
        "line_number": 7
      },
      {
        "type": "Hex High Entropy String",
        "filename": "buildconfig.lock.json",
        "hashed_secret": "aad520bdc7abb83ace14d90f0991cf8e2a908f43",
        "is_verified": false,
        "line_number": 8
      },
      {
        "type": "Hex High Entropy String",
        "filename": "buildconfig.lock.json",
        "hashed_secret": "96b36858360eb1e4de55abf80cc017e2999daf46",
        "is_verified": false,
        "line_number": 9
      },
      {
        "type": "Hex High Entropy String",
        "filename": "buildconfig.lock.json",
        "hashed_secret": "1a6f1db1020c33f1f928d5ad91932a961deb248b",
        "is_verified": false,
        "line_number": 10
      },
      {
        "type": "Hex High Entropy String",
        "filename": "buildconfig.lock.json",
        "hashed_secret": "eac0b63894b1e01c761e9b70d7d828c76de2a1aa",
        "is_verified": false,
        "line_number": 11
      }
    ],
    "docs\\archive\\build_restoration_20260223\\Directory.Build.targets": [
      {
        "type": "Base64 High Entropy String",
        "filename": "docs\\archive\\build_restoration_20260223\\Directory.Build.targets",
        "hashed_secret": "f401614617446ca85dab28e32bdc3a1f5455e0ad",
        "is_verified": false,
        "line_number": 105
      }
    ],
    "docs\\archive\\pre_restore_20260228\\modified\\src\\VoiceStudio.App\\Services\\AuthService.cs": [
      {
        "type": "Secret Keyword",
        "filename": "docs\\archive\\pre_restore_20260228\\modified\\src\\VoiceStudio.App\\Services\\AuthService.cs",
        "hashed_secret": "f850a2df6973f68efae95a6219405bb46bfd8cb1",
        "is_verified": false,
        "line_number": 30
      }
    ],
    "docs\\archive\\pre_restore_20260228\\src\\VoiceStudio.App\\Views\\Panels\\AdvancedSpectrogramVisualizationView.xaml": [
      {
        "type": "Base64 High Entropy String",
        "filename": "docs\\archive\\pre_restore_20260228\\src\\VoiceStudio.App\\Views\\Panels\\AdvancedSpectrogramVisualizationView.xaml",
        "hashed_secret": "c1e7f0dce44df2c8fd5da2f71ba69354b8c9a609",
        "is_verified": false,
        "line_number": 48
      }
    ],
    "docs\\developer\\PLUGIN_SDK_REFERENCE.md": [
      {
        "type": "Secret Keyword",
        "filename": "docs\\developer\\PLUGIN_SDK_REFERENCE.md",
        "hashed_secret": "5baa61e4c9b93f3f0682250b6cf8331b7ee68fd8",
        "is_verified": false,
        "line_number": 512
      }
    ],
    "docs\\developer\\SECRETS_ROTATION_GUIDE.md": [
      {
        "type": "Secret Keyword",
        "filename": "docs\\developer\\SECRETS_ROTATION_GUIDE.md",
        "hashed_secret": "08375580e644a9b64b1ccfcfb2cb3f17c650c750",
        "is_verified": false,
        "line_number": 157
      },
      {
        "type": "Secret Keyword",
        "filename": "docs\\developer\\SECRETS_ROTATION_GUIDE.md",
        "hashed_secret": "1b447eca6f69c26354668f050d0c2cc893605aa5",
        "is_verified": false,
        "line_number": 385
      }
    ],
    "docs\\governance\\NO_STUBS_PLACEHOLDERS_RULE.md": [
      {
        "type": "Secret Keyword",
        "filename": "docs\\governance\\NO_STUBS_PLACEHOLDERS_RULE.md",
        "hashed_secret": "118c413f3fc929a1624f4c3e1da1e3d24377a693",
        "is_verified": false,
        "line_number": 56
      }
    ],
    "docs\\operations\\OPERATIONS_RUNBOOK.md": [
      {
        "type": "Secret Keyword",
        "filename": "docs\\operations\\OPERATIONS_RUNBOOK.md",
        "hashed_secret": "254f99d9962cf3fa249c4dd6f7fe296a951f3a9f",
        "is_verified": false,
        "line_number": 64
      }
    ],
    "docs\\reports\\build\\xaml\\xaml-build-errors.txt": [
      {
        "type": "Base64 High Entropy String",
        "filename": "docs\\reports\\build\\xaml\\xaml-build-errors.txt",
        "hashed_secret": "962b6a52571c28175ccb1a44e4abc4ba3552bf43",
        "is_verified": false,
        "line_number": 2131
      },
      {
        "type": "Base64 High Entropy String",
        "filename": "docs\\reports\\build\\xaml\\xaml-build-errors.txt",
        "hashed_secret": "5a05160f938d3ae8d0d7827a98f9be180618cce1",
        "is_verified": false,
        "line_number": 2201
      }
    ],
    "docs\\reports\\build\\xaml\\xaml_clean_build_diagnostic_log.txt": [
      {
        "type": "Base64 High Entropy String",
        "filename": "docs\\reports\\build\\xaml\\xaml_clean_build_diagnostic_log.txt",
        "hashed_secret": "6ef9ff2e3943c86c6d5df4a50ceb767600d27c36",
        "is_verified": false,
        "line_number": 10958
      },
      {
        "type": "Base64 High Entropy String",
        "filename": "docs\\reports\\build\\xaml\\xaml_clean_build_diagnostic_log.txt",
        "hashed_secret": "962b6a52571c28175ccb1a44e4abc4ba3552bf43",
        "is_verified": false,
        "line_number": 20293
      },
      {
        "type": "Base64 High Entropy String",
        "filename": "docs\\reports\\build\\xaml\\xaml_clean_build_diagnostic_log.txt",
        "hashed_secret": "5a05160f938d3ae8d0d7827a98f9be180618cce1",
        "is_verified": false,
        "line_number": 25030
      }
    ],
    "docs\\reports\\build\\xaml\\xaml_diagnostic_log.txt": [
      {
        "type": "Base64 High Entropy String",
        "filename": "docs\\reports\\build\\xaml\\xaml_diagnostic_log.txt",
        "hashed_secret": "6ef9ff2e3943c86c6d5df4a50ceb767600d27c36",
        "is_verified": false,
        "line_number": 10953
      },
      {
        "type": "Base64 High Entropy String",
        "filename": "docs\\reports\\build\\xaml\\xaml_diagnostic_log.txt",
        "hashed_secret": "962b6a52571c28175ccb1a44e4abc4ba3552bf43",
        "is_verified": false,
        "line_number": 20233
      },
      {
        "type": "Base64 High Entropy String",
        "filename": "docs\\reports\\build\\xaml\\xaml_diagnostic_log.txt",
        "hashed_secret": "5a05160f938d3ae8d0d7827a98f9be180618cce1",
        "is_verified": false,
        "line_number": 24970
      }
    ],
    "pytest.ini": [
      {
        "type": "Secret Keyword",
        "filename": "pytest.ini",
        "hashed_secret": "02d473dd32640d0bdf761cf66c9a1af20eaf8631",
        "is_verified": false,
        "line_number": 86
      }
    ],
    "src\\VoiceStudio.App.Tests\\Services\\DataEncryptionServiceTests.cs": [
      {
        "type": "Base64 High Entropy String",
        "filename": "src\\VoiceStudio.App.Tests\\Services\\DataEncryptionServiceTests.cs",
        "hashed_secret": "7340b9b6d579389e68836477ac955da038d40950",
        "is_verified": false,
        "line_number": 15
      }
    ],
    "src\\VoiceStudio.App.Tests\\Services\\IPC\\RequestSignerTests.cs": [
      {
        "type": "Base64 High Entropy String",
        "filename": "src\\VoiceStudio.App.Tests\\Services\\IPC\\RequestSignerTests.cs",
        "hashed_secret": "bfae92e2cf5bd06aa6dc3156d806d39883d3cf5e",
        "is_verified": false,
        "line_number": 17
      },
      {
        "type": "Secret Keyword",
        "filename": "src\\VoiceStudio.App.Tests\\Services\\IPC\\RequestSignerTests.cs",
        "hashed_secret": "bfae92e2cf5bd06aa6dc3156d806d39883d3cf5e",
        "is_verified": false,
        "line_number": 17
      }
    ],
    "src\\VoiceStudio.App.Tests\\TestResults\\Tyler_DESKTOP-8TCJTKA_2026-02-04_00_00_34.trx": [
      {
        "type": "Base64 High Entropy String",
        "filename": "src\\VoiceStudio.App.Tests\\TestResults\\Tyler_DESKTOP-8TCJTKA_2026-02-04_00_00_34.trx",
        "hashed_secret": "39c124c74c5bee867193bba915f7d2de62790c1f",
        "is_verified": false,
        "line_number": 57
      },
      {
        "type": "Base64 High Entropy String",
        "filename": "src\\VoiceStudio.App.Tests\\TestResults\\Tyler_DESKTOP-8TCJTKA_2026-02-04_00_00_34.trx",
        "hashed_secret": "4fde12c8b283f2bd2b662d5e766d1c0038bfdcec",
        "is_verified": false,
        "line_number": 69
      },
      {
        "type": "Base64 High Entropy String",
        "filename": "src\\VoiceStudio.App.Tests\\TestResults\\Tyler_DESKTOP-8TCJTKA_2026-02-04_00_00_34.trx",
        "hashed_secret": "362b1ee5f1dbb9df126aa6e0256b272208f2df01",
        "is_verified": false,
        "line_number": 245
      },
      {
        "type": "Base64 High Entropy String",
        "filename": "src\\VoiceStudio.App.Tests\\TestResults\\Tyler_DESKTOP-8TCJTKA_2026-02-04_00_00_34.trx",
        "hashed_secret": "a0266d3009be0a90198a4904618bc2006c17595a",
        "is_verified": false,
        "line_number": 248
      }
    ],
    "src\\VoiceStudio.App.Tests\\TestResults\\current_results.trx": [
      {
        "type": "Base64 High Entropy String",
        "filename": "src\\VoiceStudio.App.Tests\\TestResults\\current_results.trx",
        "hashed_secret": "d5fb0ae151cd3a4d67a869c0fb55743c535493af",
        "is_verified": false,
        "line_number": 796
      },
      {
        "type": "Base64 High Entropy String",
        "filename": "src\\VoiceStudio.App.Tests\\TestResults\\current_results.trx",
        "hashed_secret": "362b1ee5f1dbb9df126aa6e0256b272208f2df01",
        "is_verified": false,
        "line_number": 1110
      },
      {
        "type": "Base64 High Entropy String",
        "filename": "src\\VoiceStudio.App.Tests\\TestResults\\current_results.trx",
        "hashed_secret": "a9fa7e439b80ba70c66831d5eadf2d44b5839903",
        "is_verified": false,
        "line_number": 1261
      },
      {
        "type": "Base64 High Entropy String",
        "filename": "src\\VoiceStudio.App.Tests\\TestResults\\current_results.trx",
        "hashed_secret": "a0266d3009be0a90198a4904618bc2006c17595a",
        "is_verified": false,
        "line_number": 2067
      },
      {
        "type": "Base64 High Entropy String",
        "filename": "src\\VoiceStudio.App.Tests\\TestResults\\current_results.trx",
        "hashed_secret": "39c124c74c5bee867193bba915f7d2de62790c1f",
        "is_verified": false,
        "line_number": 2336
      },
      {
        "type": "Base64 High Entropy String",
        "filename": "src\\VoiceStudio.App.Tests\\TestResults\\current_results.trx",
        "hashed_secret": "5b69e1a7c595bcf519b96c5ff54c39a33e5344e2",
        "is_verified": false,
        "line_number": 2529
      },
      {
        "type": "Base64 High Entropy String",
        "filename": "src\\VoiceStudio.App.Tests\\TestResults\\current_results.trx",
        "hashed_secret": "4fde12c8b283f2bd2b662d5e766d1c0038bfdcec",
        "is_verified": false,
        "line_number": 2988
      },
      {
        "type": "Base64 High Entropy String",
        "filename": "src\\VoiceStudio.App.Tests\\TestResults\\current_results.trx",
        "hashed_secret": "40b38b063b178c8d35156744649437712f9a940b",
        "is_verified": false,
        "line_number": 3210
      },
      {
        "type": "Base64 High Entropy String",
        "filename": "src\\VoiceStudio.App.Tests\\TestResults\\current_results.trx",
        "hashed_secret": "b6b03d1a65877b10fd0d61e2107ec7eeab7a325a",
        "is_verified": false,
        "line_number": 3231
      },
      {
        "type": "Base64 High Entropy String",
        "filename": "src\\VoiceStudio.App.Tests\\TestResults\\current_results.trx",
        "hashed_secret": "6f1b9eeec4bcfeba3adccb6ecc0e6982ac906226",
        "is_verified": false,
        "line_number": 4032
      }
    ],
    "src\\VoiceStudio.App.Tests\\TestResults\\final_results.trx": [
      {
        "type": "Base64 High Entropy String",
        "filename": "src\\VoiceStudio.App.Tests\\TestResults\\final_results.trx",
        "hashed_secret": "362b1ee5f1dbb9df126aa6e0256b272208f2df01",
        "is_verified": false,
        "line_number": 56
      },
      {
        "type": "Base64 High Entropy String",
        "filename": "src\\VoiceStudio.App.Tests\\TestResults\\final_results.trx",
        "hashed_secret": "a9fa7e439b80ba70c66831d5eadf2d44b5839903",
        "is_verified": false,
        "line_number": 780
      },
      {
        "type": "Base64 High Entropy String",
        "filename": "src\\VoiceStudio.App.Tests\\TestResults\\final_results.trx",
        "hashed_secret": "39c124c74c5bee867193bba915f7d2de62790c1f",
        "is_verified": false,
        "line_number": 812
      },
      {
        "type": "Base64 High Entropy String",
        "filename": "src\\VoiceStudio.App.Tests\\TestResults\\final_results.trx",
        "hashed_secret": "5b69e1a7c595bcf519b96c5ff54c39a33e5344e2",
        "is_verified": false,
        "line_number": 1366
      },
      {
        "type": "Base64 High Entropy String",
        "filename": "src\\VoiceStudio.App.Tests\\TestResults\\final_results.trx",
        "hashed_secret": "40b38b063b178c8d35156744649437712f9a940b",
        "is_verified": false,
        "line_number": 2133
      },
      {
        "type": "Base64 High Entropy String",
        "filename": "src\\VoiceStudio.App.Tests\\TestResults\\final_results.trx",
        "hashed_secret": "a0266d3009be0a90198a4904618bc2006c17595a",
        "is_verified": false,
        "line_number": 2518
      },
      {
        "type": "Base64 High Entropy String",
        "filename": "src\\VoiceStudio.App.Tests\\TestResults\\final_results.trx",
        "hashed_secret": "6f1b9eeec4bcfeba3adccb6ecc0e6982ac906226",
        "is_verified": false,
        "line_number": 2585
      },
      {
        "type": "Base64 High Entropy String",
        "filename": "src\\VoiceStudio.App.Tests\\TestResults\\final_results.trx",
        "hashed_secret": "d5fb0ae151cd3a4d67a869c0fb55743c535493af",
        "is_verified": false,
        "line_number": 2596
      },
      {
        "type": "Base64 High Entropy String",
        "filename": "src\\VoiceStudio.App.Tests\\TestResults\\final_results.trx",
        "hashed_secret": "4fde12c8b283f2bd2b662d5e766d1c0038bfdcec",
        "is_verified": false,
        "line_number": 2788
      },
      {
        "type": "Base64 High Entropy String",
        "filename": "src\\VoiceStudio.App.Tests\\TestResults\\final_results.trx",
        "hashed_secret": "b6b03d1a65877b10fd0d61e2107ec7eeab7a325a",
        "is_verified": false,
        "line_number": 3210
      }
    ],
    "src\\VoiceStudio.App.Tests\\TestResults\\test_results.trx": [
      {
        "type": "Base64 High Entropy String",
        "filename": "src\\VoiceStudio.App.Tests\\TestResults\\test_results.trx",
        "hashed_secret": "4fde12c8b283f2bd2b662d5e766d1c0038bfdcec",
        "is_verified": false,
        "line_number": 352
      },
      {
        "type": "Base64 High Entropy String",
        "filename": "src\\VoiceStudio.App.Tests\\TestResults\\test_results.trx",
        "hashed_secret": "d5fb0ae151cd3a4d67a869c0fb55743c535493af",
        "is_verified": false,
        "line_number": 735
      },
      {
        "type": "Base64 High Entropy String",
        "filename": "src\\VoiceStudio.App.Tests\\TestResults\\test_results.trx",
        "hashed_secret": "6f1b9eeec4bcfeba3adccb6ecc0e6982ac906226",
        "is_verified": false,
        "line_number": 904
      },
      {
        "type": "Base64 High Entropy String",
        "filename": "src\\VoiceStudio.App.Tests\\TestResults\\test_results.trx",
        "hashed_secret": "a0266d3009be0a90198a4904618bc2006c17595a",
        "is_verified": false,
        "line_number": 1366
      },
      {
        "type": "Base64 High Entropy String",
        "filename": "src\\VoiceStudio.App.Tests\\TestResults\\test_results.trx",
        "hashed_secret": "a9fa7e439b80ba70c66831d5eadf2d44b5839903",
        "is_verified": false,
        "line_number": 1526
      },
      {
        "type": "Base64 High Entropy String",
        "filename": "src\\VoiceStudio.App.Tests\\TestResults\\test_results.trx",
        "hashed_secret": "5b69e1a7c595bcf519b96c5ff54c39a33e5344e2",
        "is_verified": false,
        "line_number": 1608
      },
      {
        "type": "Base64 High Entropy String",
        "filename": "src\\VoiceStudio.App.Tests\\TestResults\\test_results.trx",
        "hashed_secret": "b6b03d1a65877b10fd0d61e2107ec7eeab7a325a",
        "is_verified": false,
        "line_number": 2521
      },
      {
        "type": "Base64 High Entropy String",
        "filename": "src\\VoiceStudio.App.Tests\\TestResults\\test_results.trx",
        "hashed_secret": "40b38b063b178c8d35156744649437712f9a940b",
        "is_verified": false,
        "line_number": 2793
      },
      {
        "type": "Base64 High Entropy String",
        "filename": "src\\VoiceStudio.App.Tests\\TestResults\\test_results.trx",
        "hashed_secret": "39c124c74c5bee867193bba915f7d2de62790c1f",
        "is_verified": false,
        "line_number": 2868
      },
      {
        "type": "Base64 High Entropy String",
        "filename": "src\\VoiceStudio.App.Tests\\TestResults\\test_results.trx",
        "hashed_secret": "362b1ee5f1dbb9df126aa6e0256b272208f2df01",
        "is_verified": false,
        "line_number": 3135
      }
    ],
    "src\\VoiceStudio.App.Tests\\TestResults\\vm_results.trx": [
      {
        "type": "Base64 High Entropy String",
        "filename": "src\\VoiceStudio.App.Tests\\TestResults\\vm_results.trx",
        "hashed_secret": "40b38b063b178c8d35156744649437712f9a940b",
        "is_verified": false,
        "line_number": 1868
      },
      {
        "type": "Base64 High Entropy String",
        "filename": "src\\VoiceStudio.App.Tests\\TestResults\\vm_results.trx",
        "hashed_secret": "b6b03d1a65877b10fd0d61e2107ec7eeab7a325a",
        "is_verified": false,
        "line_number": 2010
      },
      {
        "type": "Base64 High Entropy String",
        "filename": "src\\VoiceStudio.App.Tests\\TestResults\\vm_results.trx",
        "hashed_secret": "6f1b9eeec4bcfeba3adccb6ecc0e6982ac906226",
        "is_verified": false,
        "line_number": 2163
      },
      {
        "type": "Base64 High Entropy String",
        "filename": "src\\VoiceStudio.App.Tests\\TestResults\\vm_results.trx",
        "hashed_secret": "d5fb0ae151cd3a4d67a869c0fb55743c535493af",
        "is_verified": false,
        "line_number": 2617
      },
      {
        "type": "Base64 High Entropy String",
        "filename": "src\\VoiceStudio.App.Tests\\TestResults\\vm_results.trx",
        "hashed_secret": "5b69e1a7c595bcf519b96c5ff54c39a33e5344e2",
        "is_verified": false,
        "line_number": 2726
      },
      {
        "type": "Base64 High Entropy String",
        "filename": "src\\VoiceStudio.App.Tests\\TestResults\\vm_results.trx",
        "hashed_secret": "a9fa7e439b80ba70c66831d5eadf2d44b5839903",
        "is_verified": false,
        "line_number": 3119
      }
    ],
    "src\\VoiceStudio.App\\Services\\AuthService.cs": [
      {
        "type": "Secret Keyword",
        "filename": "src\\VoiceStudio.App\\Services\\AuthService.cs",
        "hashed_secret": "f850a2df6973f68efae95a6219405bb46bfd8cb1",
        "is_verified": false,
        "line_number": 30
      }
    ],
    "tests\\assets\\canonical\\manifest.json": [
      {
        "type": "Hex High Entropy String",
        "filename": "tests\\assets\\canonical\\manifest.json",
        "hashed_secret": "6134e4471f5db1a1bc2a690d371782518d295369",
        "is_verified": false,
        "line_number": 8
      },
      {
        "type": "Hex High Entropy String",
        "filename": "tests\\assets\\canonical\\manifest.json",
        "hashed_secret": "2c7cc6d1760b6c7469755b880548eeb28bb36672",
        "is_verified": false,
        "line_number": 14
      },
      {
        "type": "Hex High Entropy String",
        "filename": "tests\\assets\\canonical\\manifest.json",
        "hashed_secret": "21350aa86307454072432caa65bc749089249b13",
        "is_verified": false,
        "line_number": 23
      }
    ],
    "tests\\governance\\test_identity_and_audit.py": [
      {
        "type": "Secret Keyword",
        "filename": "tests\\governance\\test_identity_and_audit.py",
        "hashed_secret": "7a91c95479138d6b211980b43f1e2db5305ec6f2",
        "is_verified": false,
        "line_number": 225
      },
      {
        "type": "Secret Keyword",
        "filename": "tests\\governance\\test_identity_and_audit.py",
        "hashed_secret": "a761ce3a45d97e41840a788495e85a70d1bb3815",
        "is_verified": false,
        "line_number": 226
      }
    ],
    "tests\\security\\test_comprehensive_security.py": [
      {
        "type": "Secret Keyword",
        "filename": "tests\\security\\test_comprehensive_security.py",
        "hashed_secret": "390b7da60553f283485183bc3aa6b802897dd746",
        "is_verified": false,
        "line_number": 28
      }
    ],
    "tests\\unit\\backend\\api\\middleware\\test_request_signing.py": [
      {
        "type": "Secret Keyword",
        "filename": "tests\\unit\\backend\\api\\middleware\\test_request_signing.py",
        "hashed_secret": "9d243007d86f8cd387fc95a7fe75a184f029ab5a",
        "is_verified": false,
        "line_number": 267
      }
    ],
    "tests\\unit\\backend\\api\\routes\\test_pdf.py": [
      {
        "type": "Secret Keyword",
        "filename": "tests\\unit\\backend\\api\\routes\\test_pdf.py",
        "hashed_secret": "206c80413b9a96c1312cc346b7d2517b84463edd",
        "is_verified": false,
        "line_number": 147
      }
    ],
    "tests\\unit\\backend\\plugins\\ai_quality\\test_code_review.py": [
      {
        "type": "Secret Keyword",
        "filename": "tests\\unit\\backend\\plugins\\ai_quality\\test_code_review.py",
        "hashed_secret": "d247e54e14ab3298d7b979f10a70fa8d380ffeec",
        "is_verified": false,
        "line_number": 264
      },
      {
        "type": "Secret Keyword",
        "filename": "tests\\unit\\backend\\plugins\\ai_quality\\test_code_review.py",
        "hashed_secret": "70160aa810531303052a96d802080b5a31c8f05b",
        "is_verified": false,
        "line_number": 265
      }
    ],
    "tests\\unit\\backend\\plugins\\supply_chain\\test_provenance.py": [
      {
        "type": "Hex High Entropy String",
        "filename": "tests\\unit\\backend\\plugins\\supply_chain\\test_provenance.py",
        "hashed_secret": "90bd1b48e958257948487b90bee080ba5ed00caa",
        "is_verified": false,
        "line_number": 74
      }
    ],
    "tests\\unit\\backend\\plugins\\supply_chain\\test_signer.py": [
      {
        "type": "Hex High Entropy String",
        "filename": "tests\\unit\\backend\\plugins\\supply_chain\\test_signer.py",
        "hashed_secret": "90bd1b48e958257948487b90bee080ba5ed00caa",
        "is_verified": false,
        "line_number": 72
      }
    ],
    "tests\\unit\\backend\\services\\test_audit_logger.py": [
      {
        "type": "Secret Keyword",
        "filename": "tests\\unit\\backend\\services\\test_audit_logger.py",
        "hashed_secret": "f2b14f68eb995facb3a1c35287b778d5bd785511",
        "is_verified": false,
        "line_number": 283
      },
      {
        "type": "Secret Keyword",
        "filename": "tests\\unit\\backend\\services\\test_audit_logger.py",
        "hashed_secret": "cba7d8d926ee837cf3f92636a6d1cd0eb397db64",
        "is_verified": false,
        "line_number": 284
      }
    ],
    "tests\\unit\\backend\\services\\test_plugin_manifest_v4.py": [
      {
        "type": "Hex High Entropy String",
        "filename": "tests\\unit\\backend\\services\\test_plugin_manifest_v4.py",
        "hashed_secret": "90bd1b48e958257948487b90bee080ba5ed00caa",
        "is_verified": false,
        "line_number": 66
      }
    ],
    "tests\\unit\\backend\\services\\test_plugin_schema_v5.py": [
      {
        "type": "Hex High Entropy String",
        "filename": "tests\\unit\\backend\\services\\test_plugin_schema_v5.py",
        "hashed_secret": "317ea66608953d1699cde6243eadba3ea1e71b95",
        "is_verified": false,
        "line_number": 269
      },
      {
        "type": "Hex High Entropy String",
        "filename": "tests\\unit\\backend\\services\\test_plugin_schema_v5.py",
        "hashed_secret": "ff55f8ab1c3d25394048cbef0bac18ef763a60ed",
        "is_verified": false,
        "line_number": 288
      },
      {
        "type": "Hex High Entropy String",
        "filename": "tests\\unit\\backend\\services\\test_plugin_schema_v5.py",
        "hashed_secret": "ccdd30d64e668771bc1efb2028e833b044b6be3b",
        "is_verified": false,
        "line_number": 312
      },
      {
        "type": "Hex High Entropy String",
        "filename": "tests\\unit\\backend\\services\\test_plugin_schema_v5.py",
        "hashed_secret": "e3881428d6c5f285fdd894d8e2892629651a78dd",
        "is_verified": false,
        "line_number": 608
      }
    ],
    "tests\\unit\\core\\engines\\test_openai_tts_engine.py": [
      {
        "type": "Secret Keyword",
        "filename": "tests\\unit\\core\\engines\\test_openai_tts_engine.py",
        "hashed_secret": "00942f4668670f34c5943cf52c7ef3139fe2b8d6",
        "is_verified": false,
        "line_number": 51
      }
    ],
    "tests\\unit\\tools\\catalog\\test_security_scan.py": [
      {
        "type": "Secret Keyword",
        "filename": "tests\\unit\\tools\\catalog\\test_security_scan.py",
        "hashed_secret": "159920628cb789601a3ef7859918baa2e9ea7d15",
        "is_verified": false,
        "line_number": 107
      }
    ],
    "tests\\unit\\tools_tests\\onboarding\\test_cache.py": [
      {
        "type": "Hex High Entropy String",
        "filename": "tests\\unit\\tools_tests\\onboarding\\test_cache.py",
        "hashed_secret": "e67f3311108a68cf749b11c71b539e2bfe95d91d",
        "is_verified": false,
        "line_number": 215
      }
    ],
    "tools\\plugin-sdk\\voicestudio_sdk\\config.py": [
      {
        "type": "Secret Keyword",
        "filename": "tools\\plugin-sdk\\voicestudio_sdk\\config.py",
        "hashed_secret": "5baa61e4c9b93f3f0682250b6cf8331b7ee68fd8",
        "is_verified": false,
        "line_number": 29
      }
    ]
  },
  "generated_at": "2026-03-01T01:55:44Z"
}
